LOG BEGINS
Creating 1 worker threads
Worker threads created
Multiplexing job
Worker got task
Multiplexing job
Worker got task
Multiplexing job
Worker got task
Killing worker thread
