class <constant:<root>> < ::<constant:Object> () -> <Class:<root>> @ -e:1
  class <constant:Foo> < ::<constant:Object> () -> <Class:Foo> @ -e:1
  class <singleton class:<constant:Foo>> < ::<singleton class:<constant:Object>> () @ -e:1

