test/end-to-end-test-input.rb:4: Stubbing out unknown constant [5002]
     4 |    MissingConstant
            ^^^^^^^^^^^^^^^
test/end-to-end-test-input.rb:12: Argument arg0 does not match expected type String [7002]
    12 |    raise arg # raise is defined by stdlib
            ^^^^^^^^^
    rbi/stdlib.rbi:__LINE__: Method <overload N.1 : raise> has specified type of argument arg0 as String
    7054 |      arg0: String,
                ^^^^^
  Got Integer originating from:    test/end-to-end-test-input.rb:9: 
     9 |  sig(arg: Integer).returns(NilClass)
              ^^^^
test/end-to-end-test-input.rb:16: Argument arg does not match expected type Integer [7002]
    16 |    foo("foo")
            ^^^^^^^^^^
    test/end-to-end-test-input.rb:9: Method foo has specified type of argument arg as Integer
     9 |  sig(arg: Integer).returns(NilClass)
              ^^^^
  Got String originating from:    test/end-to-end-test-input.rb:16: 
    16 |    foo("foo")
                ^^^^^
