current directory: /Users/neil/ci-test-sorbet/gems/sorbet/test/gitlab/gems/ruby/2.5.0/gems/binding_ninja-0.2.2/ext/binding_ninja
/Users/neil/.rbenv/versions/2.5.3/bin/ruby -r ./siteconf20190424-81250-19oshi5.rb extconf.rb
creating Makefile

current directory: /Users/neil/ci-test-sorbet/gems/sorbet/test/gitlab/gems/ruby/2.5.0/gems/binding_ninja-0.2.2/ext/binding_ninja
make "DESTDIR=" clean

current directory: /Users/neil/ci-test-sorbet/gems/sorbet/test/gitlab/gems/ruby/2.5.0/gems/binding_ninja-0.2.2/ext/binding_ninja
make "DESTDIR="
compiling binding_ninja.c
binding_ninja.c:77:21: warning: unused variable 'ext_mod' [-Wunused-variable]
  VALUE method_sym, ext_mod, options, binding, args_ary, cond;
                    ^
1 warning generated.
linking shared-object binding_ninja/binding_ninja.bundle

current directory: /Users/neil/ci-test-sorbet/gems/sorbet/test/gitlab/gems/ruby/2.5.0/gems/binding_ninja-0.2.2/ext/binding_ninja
make "DESTDIR=" install
/usr/local/bin/ginstall -c -m 0755 binding_ninja.bundle ./.gem.20190424-81250-1d626i7/binding_ninja
