test/cli/parallel-ordering/2.rb:3: `hi`: Method redefined http://go/e/4010
     3 |    def hi
            ^^^^^^
    test/cli/parallel-ordering/1.rb:3: Previous definition
     3 |    def hi
            ^^^^^^

test/cli/parallel-ordering/3.rb:3: `hi`: Method redefined http://go/e/4010
     3 |    def hi
            ^^^^^^
    test/cli/parallel-ordering/2.rb:3: Previous definition
     3 |    def hi
            ^^^^^^
Errors: 2
