----- test/cli/incremental-resolver/type-member.rb ---------------------
No errors! Great job.
----- test/cli/incremental-resolver/type-template.rb ---------------------
No errors! Great job.
