   "aliasTo": 25820
   "aliasTo": 7
       "aliasTo": 16
