current directory: /Users/neil/ci-test-sorbet/gems/sorbet/test/gitlab/gems/ruby/2.5.0/gems/msgpack-1.2.10/ext/msgpack
/Users/neil/.rbenv/versions/2.5.3/bin/ruby -r ./siteconf20190424-81250-1cx2b49.rb extconf.rb
checking for ruby/st.h... yes
checking for st.h... yes
checking for rb_str_replace() in ruby.h... yes
checking for rb_intern_str() in ruby.h... yes
checking for rb_sym2str() in ruby.h... yes
checking for rb_str_intern() in ruby.h... yes
checking for rb_block_lambda() in ruby.h... yes
checking for rb_hash_dup() in ruby.h... yes
checking for rb_hash_clear() in ruby.h... yes
creating Makefile

current directory: /Users/neil/ci-test-sorbet/gems/sorbet/test/gitlab/gems/ruby/2.5.0/gems/msgpack-1.2.10/ext/msgpack
make "DESTDIR=" clean

current directory: /Users/neil/ci-test-sorbet/gems/sorbet/test/gitlab/gems/ruby/2.5.0/gems/msgpack-1.2.10/ext/msgpack
make "DESTDIR="
compiling buffer.c
compiling buffer_class.c
compiling extension_value_class.c
compiling factory_class.c
compiling packer.c
compiling packer_class.c
compiling packer_ext_registry.c
compiling rbinit.c
compiling rmem.c
compiling unpacker.c
compiling unpacker_class.c
unpacker_class.c:219:14: warning: unused function 'Unpacker_peek_next_type' [-Wunused-function]
static VALUE Unpacker_peek_next_type(VALUE self)
             ^
1 warning generated.
compiling unpacker_ext_registry.c
linking shared-object msgpack/msgpack.bundle

current directory: /Users/neil/ci-test-sorbet/gems/sorbet/test/gitlab/gems/ruby/2.5.0/gems/msgpack-1.2.10/ext/msgpack
make "DESTDIR=" install
/usr/local/bin/ginstall -c -m 0755 msgpack.bundle ./.gem.20190424-81250-18vo61h/msgpack
