4c4
< foo[0]
---
> T.must(foo)[0]
6c6
< "hi" + foo
---
> "hi" + T.must(foo)
12,15c12,15
< foo.bar ||= "a"
< foo.bar &&= "a"
< foo.bar |= "a"
< foo.bar &= "a"
---
> T.must(foo.bar) ||= "a"
> T.must(foo.bar) &&= "a"
> T.must(foo.bar) |= "a"
> T.must(foo.bar) &= "a"
