current directory: /Users/neil/ci-test-sorbet/gems/sorbet/test/gitlab/gems/ruby/2.5.0/gems/debug_inspector-0.0.3/ext/debug_inspector
/Users/neil/.rbenv/versions/2.5.3/bin/ruby -r ./siteconf20190424-81250-aoz61b.rb extconf.rb
creating Makefile

current directory: /Users/neil/ci-test-sorbet/gems/sorbet/test/gitlab/gems/ruby/2.5.0/gems/debug_inspector-0.0.3/ext/debug_inspector
make "DESTDIR=" clean

current directory: /Users/neil/ci-test-sorbet/gems/sorbet/test/gitlab/gems/ruby/2.5.0/gems/debug_inspector-0.0.3/ext/debug_inspector
make "DESTDIR="
compiling debug_inspector.c
linking shared-object debug_inspector.bundle

current directory: /Users/neil/ci-test-sorbet/gems/sorbet/test/gitlab/gems/ruby/2.5.0/gems/debug_inspector-0.0.3/ext/debug_inspector
make "DESTDIR=" install
/usr/local/bin/ginstall -c -m 0755 debug_inspector.bundle ./.gem.20190424-81250-18hznfl
