current directory: /Users/neil/ci-test-sorbet/gems/sorbet/test/gitlab/gems/ruby/2.5.0/gems/bcrypt_pbkdf-1.0.1/ext/mri
/Users/neil/.rbenv/versions/2.5.3/bin/ruby -r ./siteconf20190424-81250-mpsjmd.rb extconf.rb
creating Makefile

current directory: /Users/neil/ci-test-sorbet/gems/sorbet/test/gitlab/gems/ruby/2.5.0/gems/bcrypt_pbkdf-1.0.1/ext/mri
make "DESTDIR=" clean

current directory: /Users/neil/ci-test-sorbet/gems/sorbet/test/gitlab/gems/ruby/2.5.0/gems/bcrypt_pbkdf-1.0.1/ext/mri
make "DESTDIR="
compiling bcrypt_pbkdf.c
compiling bcrypt_pbkdf_ext.c
bcrypt_pbkdf_ext.c:18:5: warning: implicit conversion loses integer precision: 'unsigned long' to 'unsigned int' [-Wshorten-64-to-32]
    NUM2ULONG(rounds));
    ^~~~~~~~~~~~~~~~~
/Users/neil/.rbenv/versions/2.5.3/include/ruby-2.5.0/ruby/ruby.h:660:22: note: expanded from macro 'NUM2ULONG'
#define NUM2ULONG(x) RB_NUM2ULONG(x)
                     ^~~~~~~~~~~~~~~
/Users/neil/.rbenv/versions/2.5.3/include/ruby-2.5.0/ruby/ruby.h:659:25: note: expanded from macro 'RB_NUM2ULONG'
#define RB_NUM2ULONG(x) rb_num2ulong_inline(x)
                        ^~~~~~~~~~~~~~~~~~~~~~
1 warning generated.
compiling blowfish.c
compiling explicit_bzero.c
compiling hash_sha512.c
linking shared-object bcrypt_pbkdf_ext.bundle

current directory: /Users/neil/ci-test-sorbet/gems/sorbet/test/gitlab/gems/ruby/2.5.0/gems/bcrypt_pbkdf-1.0.1/ext/mri
make "DESTDIR=" install
/usr/local/bin/ginstall -c -m 0755 bcrypt_pbkdf_ext.bundle ./.gem.20190424-81250-1bhnqlp
