class <constant:<root>> < ::Object () -> <Class:<root>> @ -e:1
  class <constant:CCCCCCCCC> < ::Object () -> <Class:CCCCCCCCC> @ test/cli/cache-keeps-name-table/cache-keeps-name-table.rb:1
  class <singleton class:<constant:CCCCCCCCC>> < ::<Class:Object> () @ test/cli/cache-keeps-name-table/cache-keeps-name-table.rb:1

class <constant:<root>> < ::Object () -> <Class:<root>> @ -e:1
  class <constant:CCCCCCCCC> < ::Object () -> <Class:CCCCCCCCC> @ test/cli/cache-keeps-name-table/cache-keeps-name-table.rb:1
  class <singleton class:<constant:CCCCCCCCC>> < ::<Class:Object> () @ test/cli/cache-keeps-name-table/cache-keeps-name-table.rb:1

