current directory: /Users/neil/ci-test-sorbet/gems/sorbet/test/gitlab/gems/ruby/2.5.0/gems/gpgme-2.0.18/ext/gpgme
/Users/neil/.rbenv/versions/2.5.3/bin/ruby -r ./siteconf20190424-81250-16o1ugv.rb extconf.rb
************************************************************************
IMPORTANT!  gpgme gem uses locally built versions of required C libraries,
namely libgpg-error, libassuan, and gpgme.

If this is a concern for you and you want to use the system library
instead, abort this installation process and reinstall gpgme gem as
follows:

    gem install gpgme -- --use-system-libraries

************************************************************************
Extracting libgpg-error-1.32.tar.bz2 into tmp/x86_64-apple-darwin18.2.0/ports/libgpg-error/1.32... OK
Running 'configure' for libgpg-error 1.32... OK
Running 'compile' for libgpg-error 1.32... OK
Running 'install' for libgpg-error 1.32... OK
Activating libgpg-error 1.32 (from /Users/neil/ci-test-sorbet/gems/sorbet/test/gitlab/gems/ruby/2.5.0/gems/gpgme-2.0.18/ports/x86_64-apple-darwin18.2.0/libgpg-error/1.32)...
Extracting libassuan-2.5.1.tar.bz2 into tmp/x86_64-apple-darwin18.2.0/ports/libassuan/2.5.1... OK
Running 'configure' for libassuan 2.5.1... OK
Running 'compile' for libassuan 2.5.1... OK
Running 'install' for libassuan 2.5.1... OK
Activating libassuan 2.5.1 (from /Users/neil/ci-test-sorbet/gems/sorbet/test/gitlab/gems/ruby/2.5.0/gems/gpgme-2.0.18/ports/x86_64-apple-darwin18.2.0/libassuan/2.5.1)...
Extracting gpgme-1.12.0.tar.bz2 into tmp/x86_64-apple-darwin18.2.0/ports/gpgme/1.12.0... OK
Running 'configure' for gpgme 1.12.0... OK
Running 'compile' for gpgme 1.12.0... OK
Running 'install' for gpgme 1.12.0... OK
Activating gpgme 1.12.0 (from /Users/neil/ci-test-sorbet/gems/sorbet/test/gitlab/gems/ruby/2.5.0/gems/gpgme-2.0.18/ports/x86_64-apple-darwin18.2.0/gpgme/1.12.0)...
checking for linker flags for static linking... NONE
checking for gpgme.h... yes
checking for gpgme >= 1.1.3... yes
checking for gpgme_op_export_keys()... yes
creating Makefile

current directory: /Users/neil/ci-test-sorbet/gems/sorbet/test/gitlab/gems/ruby/2.5.0/gems/gpgme-2.0.18/ext/gpgme
make "DESTDIR=" clean

current directory: /Users/neil/ci-test-sorbet/gems/sorbet/test/gitlab/gems/ruby/2.5.0/gems/gpgme-2.0.18/ext/gpgme
make "DESTDIR="
compiling gpgme_n.c
gpgme_n.c:267:34: warning: implicit conversion loses integer precision: 'long' to 'gpgme_error_t' (aka 'unsigned int') [-Wshorten-64-to-32]
  return INT2FIX(gpgme_err_code (NUM2LONG(verr)));
         ~~~~~~~~~~~~~~~~~~~~~~~~^~~~~~~~~~~~~~~~
/Users/neil/.rbenv/versions/2.5.3/include/ruby-2.5.0/ruby/ruby.h:650:21: note: expanded from macro 'NUM2LONG'
#define NUM2LONG(x) RB_NUM2LONG(x)
                    ^
/Users/neil/.rbenv/versions/2.5.3/include/ruby-2.5.0/ruby/ruby.h:649:24: note: expanded from macro 'RB_NUM2LONG'
#define RB_NUM2LONG(x) rb_num2long_inline(x)
                       ^
/Users/neil/.rbenv/versions/2.5.3/include/ruby-2.5.0/ruby/ruby.h:234:31: note: expanded from macro 'INT2FIX'
#define INT2FIX(i) RB_INT2FIX(i)
                   ~~~~~~~~~~~^~
/Users/neil/.rbenv/versions/2.5.3/include/ruby-2.5.0/ruby/ruby.h:233:33: note: expanded from macro 'RB_INT2FIX'
#define RB_INT2FIX(i) (((VALUE)(i))<<1 | RUBY_FIXNUM_FLAG)
                                ^
gpgme_n.c:273:36: warning: implicit conversion loses integer precision: 'long' to 'gpgme_error_t' (aka 'unsigned int') [-Wshorten-64-to-32]
  return INT2FIX(gpgme_err_source (NUM2LONG(verr)));
         ~~~~~~~~~~~~~~~~~~~~~~~~~~^~~~~~~~~~~~~~~~
/Users/neil/.rbenv/versions/2.5.3/include/ruby-2.5.0/ruby/ruby.h:650:21: note: expanded from macro 'NUM2LONG'
#define NUM2LONG(x) RB_NUM2LONG(x)
                    ^
/Users/neil/.rbenv/versions/2.5.3/include/ruby-2.5.0/ruby/ruby.h:649:24: note: expanded from macro 'RB_NUM2LONG'
#define RB_NUM2LONG(x) rb_num2long_inline(x)
                       ^
/Users/neil/.rbenv/versions/2.5.3/include/ruby-2.5.0/ruby/ruby.h:234:31: note: expanded from macro 'INT2FIX'
#define INT2FIX(i) RB_INT2FIX(i)
                   ~~~~~~~~~~~^~
/Users/neil/.rbenv/versions/2.5.3/include/ruby-2.5.0/ruby/ruby.h:233:33: note: expanded from macro 'RB_INT2FIX'
#define RB_INT2FIX(i) (((VALUE)(i))<<1 | RUBY_FIXNUM_FLAG)
                                ^
gpgme_n.c:279:39: warning: implicit conversion loses integer precision: 'long' to 'gpgme_error_t' (aka 'unsigned int') [-Wshorten-64-to-32]
  return rb_str_new2 (gpgme_strerror (NUM2LONG(verr)));
         ~~~~~~~~~~~~~~~~~~~~~~~~~~~~~^~~~~~~~~~~~~~~~
/Users/neil/.rbenv/versions/2.5.3/include/ruby-2.5.0/ruby/ruby.h:650:21: note: expanded from macro 'NUM2LONG'
#define NUM2LONG(x) RB_NUM2LONG(x)
                    ^
/Users/neil/.rbenv/versions/2.5.3/include/ruby-2.5.0/ruby/ruby.h:649:24: note: expanded from macro 'RB_NUM2LONG'
#define RB_NUM2LONG(x) rb_num2long_inline(x)
                       ^
/Users/neil/.rbenv/versions/2.5.3/include/ruby-2.5.0/ruby/intern.h:779:27: note: expanded from macro 'rb_str_new_cstr'
    (__builtin_constant_p(str)) ?               \
    ~~~~~~~~~~~~~~~~~~~~~~^~~~~~~~~~~~~~~~~~~~~~~
/Users/neil/.rbenv/versions/2.5.3/include/ruby-2.5.0/ruby/defines.h:105:53: note: expanded from macro 'RB_GNUC_EXTENSION_BLOCK'
#define RB_GNUC_EXTENSION_BLOCK(x) __extension__ ({ x; })
                                                    ^
gpgme_n.c:279:39: warning: implicit conversion loses integer precision: 'long' to 'gpgme_error_t' (aka 'unsigned int') [-Wshorten-64-to-32]
  return rb_str_new2 (gpgme_strerror (NUM2LONG(verr)));
         ~~~~~~~~~~~~~~~~~~~~~~~~~~~~~^~~~~~~~~~~~~~~~
/Users/neil/.rbenv/versions/2.5.3/include/ruby-2.5.0/ruby/ruby.h:650:21: note: expanded from macro 'NUM2LONG'
#define NUM2LONG(x) RB_NUM2LONG(x)
                    ^
/Users/neil/.rbenv/versions/2.5.3/include/ruby-2.5.0/ruby/ruby.h:649:24: note: expanded from macro 'RB_NUM2LONG'
#define RB_NUM2LONG(x) rb_num2long_inline(x)
                       ^
/Users/neil/.rbenv/versions/2.5.3/include/ruby-2.5.0/ruby/intern.h:781:18: note: expanded from macro 'rb_str_new_cstr'
        rb_str_new_cstr(str)                    \
        ~~~~~~~~~~~~~~~~^~~~~~~~~~~~~~~~~~~~~~~~~
/Users/neil/.rbenv/versions/2.5.3/include/ruby-2.5.0/ruby/defines.h:105:53: note: expanded from macro 'RB_GNUC_EXTENSION_BLOCK'
#define RB_GNUC_EXTENSION_BLOCK(x) __extension__ ({ x; })
                                                    ^
gpgme_n.c:302:28: warning: comparison of integers of different signs: 'long' and 'size_t' (aka 'unsigned long') [-Wsign-compare]
  if (RSTRING_LEN(vbuffer) < size)
      ~~~~~~~~~~~~~~~~~~~~ ^ ~~~~
gpgme_n.c:1468:9: warning: 'gpgme_op_edit' is deprecated [-Wdeprecated-declarations]
  err = gpgme_op_edit (ctx, key, edit_cb, (void *)vcb, out);
        ^
/Users/neil/ci-test-sorbet/gems/sorbet/test/gitlab/gems/ruby/2.5.0/gems/gpgme-2.0.18/ports/x86_64-apple-darwin18.2.0/gpgme/1.12.0/include/gpgme.h:2602:33: note: 'gpgme_op_edit' has been explicitly marked deprecated here
                                   gpgme_data_t out) _GPGME_DEPRECATED(1,7);
                                                     ^
/Users/neil/ci-test-sorbet/gems/sorbet/test/gitlab/gems/ruby/2.5.0/gems/gpgme-2.0.18/ports/x86_64-apple-darwin18.2.0/gpgme/1.12.0/include/gpgme.h:77:33: note: expanded from macro '_GPGME_DEPRECATED'
# define _GPGME_DEPRECATED(a,b) GPGRT_ATTR_DEPRECATED
                                ^
/Users/neil/ci-test-sorbet/gems/sorbet/test/gitlab/gems/ruby/2.5.0/gems/gpgme-2.0.18/ports/x86_64-apple-darwin18.2.0/libgpg-error/1.32/include/gpg-error.h:796:49: note: expanded from macro 'GPGRT_ATTR_DEPRECATED'
# define GPGRT_ATTR_DEPRECATED  __attribute__ ((__deprecated__))
                                                ^
gpgme_n.c:1497:9: warning: 'gpgme_op_edit_start' is deprecated [-Wdeprecated-declarations]
  err = gpgme_op_edit_start (ctx, key, edit_cb, (void *)vcb, out);
        ^
/Users/neil/ci-test-sorbet/gems/sorbet/test/gitlab/gems/ruby/2.5.0/gems/gpgme-2.0.18/ports/x86_64-apple-darwin18.2.0/gpgme/1.12.0/include/gpgme.h:2599:26: note: 'gpgme_op_edit_start' has been explicitly marked deprecated here
                                   gpgme_data_t out) _GPGME_DEPRECATED(1,7);
                                                     ^
/Users/neil/ci-test-sorbet/gems/sorbet/test/gitlab/gems/ruby/2.5.0/gems/gpgme-2.0.18/ports/x86_64-apple-darwin18.2.0/gpgme/1.12.0/include/gpgme.h:77:33: note: expanded from macro '_GPGME_DEPRECATED'
# define _GPGME_DEPRECATED(a,b) GPGRT_ATTR_DEPRECATED
                                ^
/Users/neil/ci-test-sorbet/gems/sorbet/test/gitlab/gems/ruby/2.5.0/gems/gpgme-2.0.18/ports/x86_64-apple-darwin18.2.0/libgpg-error/1.32/include/gpg-error.h:796:49: note: expanded from macro 'GPGRT_ATTR_DEPRECATED'
# define GPGRT_ATTR_DEPRECATED  __attribute__ ((__deprecated__))
                                                ^
gpgme_n.c:1526:9: warning: 'gpgme_op_card_edit' is deprecated [-Wdeprecated-declarations]
  err = gpgme_op_card_edit (ctx, key, edit_cb, (void *)vcb, out);
        ^
/Users/neil/ci-test-sorbet/gems/sorbet/test/gitlab/gems/ruby/2.5.0/gems/gpgme-2.0.18/ports/x86_64-apple-darwin18.2.0/gpgme/1.12.0/include/gpgme.h:2610:41: note: 'gpgme_op_card_edit' has been explicitly marked deprecated here
                                        _GPGME_DEPRECATED(1,7);
                                        ^
/Users/neil/ci-test-sorbet/gems/sorbet/test/gitlab/gems/ruby/2.5.0/gems/gpgme-2.0.18/ports/x86_64-apple-darwin18.2.0/gpgme/1.12.0/include/gpgme.h:77:33: note: expanded from macro '_GPGME_DEPRECATED'
# define _GPGME_DEPRECATED(a,b) GPGRT_ATTR_DEPRECATED
                                ^
/Users/neil/ci-test-sorbet/gems/sorbet/test/gitlab/gems/ruby/2.5.0/gems/gpgme-2.0.18/ports/x86_64-apple-darwin18.2.0/libgpg-error/1.32/include/gpg-error.h:796:49: note: expanded from macro 'GPGRT_ATTR_DEPRECATED'
# define GPGRT_ATTR_DEPRECATED  __attribute__ ((__deprecated__))
                                                ^
gpgme_n.c:1555:9: warning: 'gpgme_op_card_edit_start' is deprecated [-Wdeprecated-declarations]
  err = gpgme_op_card_edit_start (ctx, key, edit_cb, (void *)vcb, out);
        ^
/Users/neil/ci-test-sorbet/gems/sorbet/test/gitlab/gems/ruby/2.5.0/gems/gpgme-2.0.18/ports/x86_64-apple-darwin18.2.0/gpgme/1.12.0/include/gpgme.h:2606:41: note: 'gpgme_op_card_edit_start' has been explicitly marked deprecated here
                                        _GPGME_DEPRECATED(1,7);
                                        ^
/Users/neil/ci-test-sorbet/gems/sorbet/test/gitlab/gems/ruby/2.5.0/gems/gpgme-2.0.18/ports/x86_64-apple-darwin18.2.0/gpgme/1.12.0/include/gpgme.h:77:33: note: expanded from macro '_GPGME_DEPRECATED'
# define _GPGME_DEPRECATED(a,b) GPGRT_ATTR_DEPRECATED
                                ^
/Users/neil/ci-test-sorbet/gems/sorbet/test/gitlab/gems/ruby/2.5.0/gems/gpgme-2.0.18/ports/x86_64-apple-darwin18.2.0/libgpg-error/1.32/include/gpg-error.h:796:49: note: expanded from macro 'GPGRT_ATTR_DEPRECATED'
# define GPGRT_ATTR_DEPRECATED  __attribute__ ((__deprecated__))
                                                ^
9 warnings generated.
linking shared-object gpgme_n.bundle
Cleaning files only used during build.
rm -rf /Users/neil/ci-test-sorbet/gems/sorbet/test/gitlab/gems/ruby/2.5.0/gems/gpgme-2.0.18/ext/gpgme/tmp/x86_64-apple-darwin18.2.0/ports
rmdir -p /Users/neil/ci-test-sorbet/gems/sorbet/test/gitlab/gems/ruby/2.5.0/gems/gpgme-2.0.18/ext/gpgme/tmp/x86_64-apple-darwin18.2.0
rm -rf /Users/neil/ci-test-sorbet/gems/sorbet/test/gitlab/gems/ruby/2.5.0/gems/gpgme-2.0.18/ports

current directory: /Users/neil/ci-test-sorbet/gems/sorbet/test/gitlab/gems/ruby/2.5.0/gems/gpgme-2.0.18/ext/gpgme
make "DESTDIR=" install
/usr/local/bin/ginstall -c -m 0755 gpgme_n.bundle ./.gem.20190424-81250-mad5df
