current directory: /Users/neil/ci-test-sorbet/gems/sorbet/test/gitlab/gems/ruby/2.5.0/gems/stackprof-0.2.12/ext/stackprof
/Users/neil/.rbenv/versions/2.5.3/bin/ruby -r ./siteconf20190424-81250-16n1s6o.rb extconf.rb
checking for rb_postponed_job_register_one()... yes
checking for rb_profile_frames()... yes
checking for rb_tracepoint_new()... yes
checking for RUBY_INTERNAL_EVENT_NEWOBJ... yes
creating Makefile

current directory: /Users/neil/ci-test-sorbet/gems/sorbet/test/gitlab/gems/ruby/2.5.0/gems/stackprof-0.2.12/ext/stackprof
make "DESTDIR=" clean

current directory: /Users/neil/ci-test-sorbet/gems/sorbet/test/gitlab/gems/ruby/2.5.0/gems/stackprof-0.2.12/ext/stackprof
make "DESTDIR="
compiling stackprof.c
stackprof.c:116:30: warning: implicit conversion loses integer precision: 'long' to '__darwin_suseconds_t' (aka 'int') [-Wshorten-64-to-32]
        timer.it_interval.tv_usec = NUM2LONG(interval);
                                  ~ ^~~~~~~~~~~~~~~~~~
/Users/neil/.rbenv/versions/2.5.3/include/ruby-2.5.0/ruby/ruby.h:650:21: note: expanded from macro 'NUM2LONG'
#define NUM2LONG(x) RB_NUM2LONG(x)
                    ^~~~~~~~~~~~~~
/Users/neil/.rbenv/versions/2.5.3/include/ruby-2.5.0/ruby/ruby.h:649:24: note: expanded from macro 'RB_NUM2LONG'
#define RB_NUM2LONG(x) rb_num2long_inline(x)
                       ^~~~~~~~~~~~~~~~~~~~~
stackprof.c:480:41: warning: implicit conversion loses integer precision: 'long' to 'int' [-Wshorten-64-to-32]
        timestamp_delta = (1000 * diff.tv_sec) + diff.tv_usec;
                        ~ ~~~~~~~~~~~~~~~~~~~~~^~~~~~~~~~~~~~
stackprof.c:499:76: warning: implicit conversion loses integer precision: 'unsigned long' to 'int' [-Wshorten-64-to-32]
        delta_to_first_unrecorded_gc_sample = (1000 * diff.tv_sec + diff.tv_usec) - (_stackprof.unrecorded_gc_samples - 1) * _stackprof.interval;
                                            ~ ~~~~~~~~~~~~~~~~~~~~~~~~~~~~~~~~~~~~^~~~~~~~~~~~~~~~~~~~~~~~~~~~~~~~~~~~~~~~~~~~~~~~~~~~~~~~~~~~~~
stackprof.c:508:19: warning: comparison of integers of different signs: 'int' and 'size_t' (aka 'unsigned long') [-Wsign-compare]
    for (i = 0; i < _stackprof.unrecorded_gc_samples; i++) {
                ~ ^ ~~~~~~~~~~~~~~~~~~~~~~~~~~~~~~~~
stackprof.c:509:82: warning: implicit conversion loses integer precision: 'VALUE' (aka 'unsigned long') to 'int' [-Wshorten-64-to-32]
        int timestamp_delta = i == 0 ? delta_to_first_unrecorded_gc_sample : _stackprof.interval;
            ~~~~~~~~~~~~~~~                                                  ~~~~~~~~~~~^~~~~~~~
stackprof.c:609:34: warning: implicit conversion loses integer precision: 'long' to '__darwin_suseconds_t' (aka 'int') [-Wshorten-64-to-32]
            timer.it_interval.tv_usec = NUM2LONG(_stackprof.interval);
                                      ~ ^~~~~~~~~~~~~~~~~~~~~~~~~~~~~
/Users/neil/.rbenv/versions/2.5.3/include/ruby-2.5.0/ruby/ruby.h:650:21: note: expanded from macro 'NUM2LONG'
#define NUM2LONG(x) RB_NUM2LONG(x)
                    ^~~~~~~~~~~~~~
/Users/neil/.rbenv/versions/2.5.3/include/ruby-2.5.0/ruby/ruby.h:649:24: note: expanded from macro 'RB_NUM2LONG'
#define RB_NUM2LONG(x) rb_num2long_inline(x)
                       ^~~~~~~~~~~~~~~~~~~~~
6 warnings generated.
linking shared-object stackprof/stackprof.bundle

current directory: /Users/neil/ci-test-sorbet/gems/sorbet/test/gitlab/gems/ruby/2.5.0/gems/stackprof-0.2.12/ext/stackprof
make "DESTDIR=" install
/usr/local/bin/ginstall -c -m 0755 stackprof.bundle ./.gem.20190424-81250-sboim6/stackprof
