No errors! Great job.
class ::<root> ()
  field #$global @ test/cli/stop-after-namer/stop-after-namer.rb:7
  class ::A < ::<todo sym> () @ test/cli/stop-after-namer/stop-after-namer.rb:3
    method ::A#method (method_arg) @ test/cli/stop-after-namer/stop-after-namer.rb:4
      argument ::A#method#method_arg<> @ test/cli/stop-after-namer/stop-after-namer.rb:4
  class ::<Class:A> < ::<todo sym> () @ test/cli/stop-after-namer/stop-after-namer.rb:3
    method ::<Class:A>#singleton_method (singleton_method_arg) @ test/cli/stop-after-namer/stop-after-namer.rb:10
      argument ::<Class:A>#singleton_method#singleton_method_arg<> @ test/cli/stop-after-namer/stop-after-namer.rb:10

