current directory: /Users/neil/ci-test-sorbet/gems/sorbet/test/gitlab/gems/ruby/2.5.0/gems/json-2.2.0/ext/json
/Users/neil/.rbenv/versions/2.5.3/bin/ruby -r ./siteconf20190424-81250-tuth4k.rb extconf.rb
creating Makefile

current directory: /Users/neil/ci-test-sorbet/gems/sorbet/test/gitlab/gems/ruby/2.5.0/gems/json-2.2.0/ext/json
make "DESTDIR=" clean

current directory: /Users/neil/ci-test-sorbet/gems/sorbet/test/gitlab/gems/ruby/2.5.0/gems/json-2.2.0/ext/json
make "DESTDIR="
make: Nothing to be done for `all'.

current directory: /Users/neil/ci-test-sorbet/gems/sorbet/test/gitlab/gems/ruby/2.5.0/gems/json-2.2.0/ext/json
make "DESTDIR=" install
