current directory: /Users/neil/ci-test-sorbet/gems/sorbet/test/gitlab/gems/ruby/2.5.0/gems/eventmachine-1.2.7/ext/fastfilereader
/Users/neil/.rbenv/versions/2.5.3/bin/ruby -r ./siteconf20190424-81250-1mxgd8s.rb extconf.rb --with-cppflags=-I/usr/local/opt/openssl/include
creating Makefile

current directory: /Users/neil/ci-test-sorbet/gems/sorbet/test/gitlab/gems/ruby/2.5.0/gems/eventmachine-1.2.7/ext/fastfilereader
make "DESTDIR=" clean

current directory: /Users/neil/ci-test-sorbet/gems/sorbet/test/gitlab/gems/ruby/2.5.0/gems/eventmachine-1.2.7/ext/fastfilereader
make "DESTDIR="
compiling mapper.cpp
compiling rubymain.cpp
linking shared-object fastfilereaderext.bundle

current directory: /Users/neil/ci-test-sorbet/gems/sorbet/test/gitlab/gems/ruby/2.5.0/gems/eventmachine-1.2.7/ext/fastfilereader
make "DESTDIR=" install
/usr/local/bin/ginstall -c -m 0755 fastfilereaderext.bundle ./.gem.20190424-81250-8jtd8t
