current directory: /Users/neil/ci-test-sorbet/gems/sorbet/test/gitlab/gems/ruby/2.5.0/gems/bootsnap-1.4.4/ext/bootsnap
/Users/neil/.rbenv/versions/2.5.3/bin/ruby -r ./siteconf20190424-81250-xlsdnn.rb extconf.rb
creating Makefile

current directory: /Users/neil/ci-test-sorbet/gems/sorbet/test/gitlab/gems/ruby/2.5.0/gems/bootsnap-1.4.4/ext/bootsnap
make "DESTDIR=" clean

current directory: /Users/neil/ci-test-sorbet/gems/sorbet/test/gitlab/gems/ruby/2.5.0/gems/bootsnap-1.4.4/ext/bootsnap
make "DESTDIR="
compiling bootsnap.c
linking shared-object bootsnap/bootsnap.bundle

current directory: /Users/neil/ci-test-sorbet/gems/sorbet/test/gitlab/gems/ruby/2.5.0/gems/bootsnap-1.4.4/ext/bootsnap
make "DESTDIR=" install
/usr/local/bin/ginstall -c -m 0755 bootsnap.bundle ./.gem.20190424-81250-1wa74nt/bootsnap
