current directory: /Users/neil/ci-test-sorbet/gems/sorbet/test/gitlab/gems/ruby/2.5.0/gems/binding_of_caller-0.8.0/ext/binding_of_caller
/Users/neil/.rbenv/versions/2.5.3/bin/ruby -r ./siteconf20190424-81250-17sqojt.rb extconf.rb

current directory: /Users/neil/ci-test-sorbet/gems/sorbet/test/gitlab/gems/ruby/2.5.0/gems/binding_of_caller-0.8.0/ext/binding_of_caller
make "DESTDIR=" clean
make: *** No rule to make target `clean'.  Stop.

current directory: /Users/neil/ci-test-sorbet/gems/sorbet/test/gitlab/gems/ruby/2.5.0/gems/binding_of_caller-0.8.0/ext/binding_of_caller
make "DESTDIR="
echo "Nada."
Nada.

current directory: /Users/neil/ci-test-sorbet/gems/sorbet/test/gitlab/gems/ruby/2.5.0/gems/binding_of_caller-0.8.0/ext/binding_of_caller
make "DESTDIR=" install
echo "Nada."
Nada.
