Read: 

Last LSP request: `
` is not a valid json object
