test/cli/error-whitelist/error-whitelist.rb:6: This function does not have a `sig` http://go/e/7017
     6 | def foo
         ^^^^^^^
  Autocorrect: Use `-a` to autocorrect
    test/cli/error-whitelist/error-whitelist.rb:6: Insert `sig {generated.returns(Integer)}
 `
     6 | def foo
         ^
  Autocorrect: Use `-a` to autocorrect
    test/cli/error-whitelist/error-whitelist.rb:6: Insert `  extend T::Helpers
`
     6 | def foo
        ^
Errors: 3
