current directory: /Users/neil/ci-test-sorbet/gems/sorbet/test/gitlab/gems/ruby/2.5.0/gems/re2-1.1.1/ext/re2
/Users/neil/.rbenv/versions/2.5.3/bin/ruby -r ./siteconf20190424-81250-3iyg0q.rb extconf.rb
checking for -lstdc++... yes
checking for stdint.h... yes
checking for rb_str_sublen()... yes
checking for -lre2... yes
checking for re2 requires C++11 compiler... yes
checking for RE2::Match() with endpos argument... yes
creating Makefile

current directory: /Users/neil/ci-test-sorbet/gems/sorbet/test/gitlab/gems/ruby/2.5.0/gems/re2-1.1.1/ext/re2
make "DESTDIR=" clean

current directory: /Users/neil/ci-test-sorbet/gems/sorbet/test/gitlab/gems/ruby/2.5.0/gems/re2-1.1.1/ext/re2
make "DESTDIR="
compiling re2.cc
In file included from re2.cc:9:
In file included from /Users/neil/.rbenv/versions/2.5.3/include/ruby-2.5.0/ruby.h:33:
In file included from /Users/neil/.rbenv/versions/2.5.3/include/ruby-2.5.0/ruby/ruby.h:2040:
/Users/neil/.rbenv/versions/2.5.3/include/ruby-2.5.0/ruby/intern.h:47:19: warning: 'register' storage class specifier is deprecated and incompatible with C++17 [-Wdeprecated-register]
void rb_mem_clear(register VALUE*, register long);
                  ^~~~~~~~~
/Users/neil/.rbenv/versions/2.5.3/include/ruby-2.5.0/ruby/intern.h:47:36: warning: 'register' storage class specifier is deprecated and incompatible with C++17 [-Wdeprecated-register]
void rb_mem_clear(register VALUE*, register long);
                                   ^~~~~~~~~
2 warnings generated.
linking shared-object re2.bundle

current directory: /Users/neil/ci-test-sorbet/gems/sorbet/test/gitlab/gems/ruby/2.5.0/gems/re2-1.1.1/ext/re2
make "DESTDIR=" install
/usr/local/bin/ginstall -c -m 0755 re2.bundle ./.gem.20190424-81250-1damgq
